[2026-09-03 22:36:36] Уборщик запущен. Проверка раз в 30 мин., удаление в 20:00 следующего рабочего дня, зависшие задачи — 72 ч.
[2026-09-03 22:36:36] Удаляю папку Вавилина Оксана Юрьевна__20260901_174558__8GW6 (срок хранения).
[2026-09-03 22:36:36] Удаляю папку Зотов Андрей Павлович__20260902_130121__VSM9 (срок хранения).
[2026-09-03 22:36:36] Удаляю папку Кураленок Игорь Евгеньевич__20260901_174503__AZ8T (срок хранения).
[2026-09-03 22:36:36] Удаляю папку Липчинский Денис Сергеевич__20260902_184359__S865 (срок хранения).
[2026-09-03 22:36:36] Удаляю связанную папку вход/Липчинский Денис Сергеевич__20260902_184359__S865 (срок хранения).
[2026-09-03 22:36:36] Удаляю папку Липчинский Денис Сергеевич__20260902_192850__7HYA (срок хранения).
[2026-09-03 22:36:36] Удаляю связанную папку вход/Липчинский Денис Сергеевич__20260902_192850__7HYA (срок хранения).
[2026-09-03 22:36:36] Удаляю папку Мальцева Вера Ивановна__20260902_173905__KQ96 (срок хранения).
[2026-09-03 22:36:36] Удаляю связанную папку вход/Мальцева Вера Ивановна__20260902_173905__KQ96 (срок хранения).
[2026-09-03 22:36:36] Удаляю папку Павлов Александр Николаевич__20260902_160027__SGUU (срок хранения).
[2026-09-03 22:36:37] Удаляю связанную папку вход/Павлов Александр Николаевич__20260902_160027__SGUU (срок хранения).
[2026-09-03 22:36:37] Удаляю папку Петров Станислав Павлович__20260902_165748__AYJY (срок хранения).
[2026-09-03 22:36:37] Удаляю связанную папку вход/Петров Станислав Павлович__20260902_165748__AYJY (срок хранения).
[2026-09-03 22:36:37] Удаляю папку Повелица Софья Игоревна__20260902_130339__3GWX (срок хранения).
[2026-09-03 22:36:37] Удаляю связанную папку вход/Повелица Софья Игоревна__20260902_130339__3GWX (срок хранения).
[2026-09-03 22:36:37] Удаляю папку Повелица Софья Игоревна__20260902_132433__Q3YJ (срок хранения).
[2026-09-03 22:36:37] Удаляю связанную папку вход/Повелица Софья Игоревна__20260902_132433__Q3YJ (срок хранения).
[2026-09-03 22:36:37] Удаляю папку Приходченко Анна Александровна__20260902_180200__4N9X (срок хранения).
[2026-09-03 22:36:37] Удаляю связанную папку вход/Приходченко Анна Александровна__20260902_180200__4N9X (срок хранения).
[2026-09-03 22:36:37] Удаляю папку Янечек Анна Михайловна__20260902_181001__FWYS (срок хранения).
[2026-09-03 22:36:37] Удаляю связанную папку вход/Янечек Анна Михайловна__20260902_181001__FWYS (срок хранения).
[2026-09-03 22:36:37] Удаляю папку Янечек Анна Михайловна__20260902_185054__ZVVS (срок хранения).
[2026-09-03 22:36:37] Удаляю связанную папку вход/Янечек Анна Михайловна__20260902_185054__ZVVS (срок хранения).
[2026-09-03 22:40:05] Уборщик запущен. Проверка раз в 30 мин., удаление в 20:00 следующего рабочего дня, зависшие задачи — 72 ч.
[2026-09-04 09:10:06] Пропуск XFMH: промежуточные/ изменялась менее 30 мин. назад.
[2026-09-04 11:10:06] Пропуск RDZP: промежуточные/ изменялась менее 30 мин. назад.
[2026-09-04 11:40:06] Пропуск RDZP: промежуточные/ изменялась менее 30 мин. назад.
[2026-09-04 11:40:06] Пропуск M6GW: промежуточные/ изменялась менее 30 мин. назад.
[2026-09-04 12:10:06] Пропуск SCAT: промежуточные/ изменялась менее 30 мин. назад.
[2026-09-04 12:10:06] Пропуск DUK3: промежуточные/ изменялась менее 30 мин. назад.
[2026-09-04 12:10:06] Пропуск 5WRQ: промежуточные/ изменялась менее 30 мин. назад.
[2026-09-04 12:40:06] Пропуск 5WRQ: промежуточные/ изменялась менее 30 мин. назад.
[2026-09-04 14:40:06] Пропуск SWKE: промежуточные/ изменялась менее 30 мин. назад.
[2026-09-04 15:10:06] Пропуск SWKE: промежуточные/ изменялась менее 30 мин. назад.
[2026-09-04 15:10:06] Пропуск 892C: промежуточные/ изменялась менее 30 мин. назад.
[2026-09-04 19:40:07] Пропуск SEU9: промежуточные/ изменялась менее 30 мин. назад.
[2026-09-04 20:10:07] Удаляю папку SD9F (срок хранения).
[2026-09-04 20:10:07] Удаляю связанную папку вход/SD9F (срок хранения).
[2026-09-04 20:10:07] Удаляю папку B7SF (срок хранения).
[2026-09-04 20:10:07] Удаляю связанную папку вход/B7SF (срок хранения).
[2026-09-04 20:10:07] Удаляю папку 5JFN (срок хранения).
[2026-09-04 20:10:07] Удаляю связанную папку вход/5JFN (срок хранения).
[2026-09-04 20:10:07] Удаляю папку KGP6 (срок хранения).
[2026-09-04 20:10:07] Удаляю связанную папку вход/KGP6 (срок хранения).
[2026-09-04 20:10:07] Удаляю папку 4BS4 (срок хранения).
[2026-09-04 20:10:07] Удаляю связанную папку вход/4BS4 (срок хранения).
[2026-09-04 20:10:07] Удаляю папку USM3 (срок хранения).
[2026-09-04 20:10:07] Удаляю связанную папку вход/USM3 (срок хранения).
[2026-09-09 23:59:00] Уборщик запущен. Проверка раз в 30 мин., удаление в 20:00 следующего рабочего дня, зависшие задачи — 72 ч.
[2026-09-09 23:59:00] Удаляю папку H2ET (срок хранения).
[2026-09-09 23:59:00] Удаляю связанную папку вход/H2ET (срок хранения).
[2026-09-09 23:59:00] Удаляю папку QNJH (срок хранения).
[2026-09-09 23:59:01] Удаляю связанную папку вход/QNJH (срок хранения).
[2026-09-09 23:59:01] Удаляю папку XC5J (срок хранения).
[2026-09-09 23:59:01] Удаляю связанную папку вход/XC5J (срок хранения).
[2026-09-09 23:59:01] Удаляю папку X2WR (срок хранения).
[2026-09-09 23:59:01] Удаляю связанную папку вход/X2WR (срок хранения).
[2026-09-09 23:59:01] Удаляю папку SAZT (срок хранения).
[2026-09-09 23:59:01] Удаляю связанную папку вход/SAZT (срок хранения).
[2026-09-09 23:59:01] Удаляю папку R5ZY (срок хранения).
[2026-09-09 23:59:01] Удаляю связанную папку вход/R5ZY (срок хранения).
[2026-09-09 23:59:01] Удаляю папку UHTQ (срок хранения).
[2026-09-09 23:59:01] Удаляю связанную папку вход/UHTQ (срок хранения).
[2026-09-09 23:59:01] Удаляю папку 9GPJ (срок хранения).
[2026-09-09 23:59:01] Удаляю связанную папку вход/9GPJ (срок хранения).
[2026-09-09 23:59:01] Удаляю папку AUAS (срок хранения).
[2026-09-09 23:59:01] Удаляю связанную папку вход/AUAS (срок хранения).
[2026-09-09 23:59:01] Удаляю папку XM3F (срок хранения).
[2026-09-09 23:59:01] Удаляю связанную папку вход/XM3F (срок хранения).
[2026-09-09 23:59:01] Удаляю папку 2XRT (срок хранения).
[2026-09-09 23:59:01] Удаляю связанную папку вход/2XRT (срок хранения).
[2026-09-09 23:59:01] Удаляю папку NXPX (срок хранения).
[2026-09-09 23:59:01] Удаляю связанную папку вход/NXPX (срок хранения).
[2026-09-09 23:59:01] Удаляю папку 2YT6 (срок хранения).
[2026-09-09 23:59:01] Удаляю связанную папку вход/2YT6 (срок хранения).
[2026-09-09 23:59:01] Удаляю папку 8A6S (срок хранения).
[2026-09-09 23:59:01] Удаляю связанную папку вход/8A6S (срок хранения).
[2026-09-09 23:59:01] Удаляю папку 98BM (срок хранения).
[2026-09-09 23:59:01] Удаляю связанную папку вход/98BM (срок хранения).
[2026-09-09 23:59:01] Удаляю папку 6XPS (срок хранения).
[2026-09-09 23:59:01] Удаляю связанную папку вход/6XPS (срок хранения).
[2026-09-09 23:59:01] Удаляю папку 2HH7 (срок хранения).
[2026-09-09 23:59:01] Удаляю связанную папку вход/2HH7 (срок хранения).
[2026-09-10 00:29:01] Пропуск Фаренюк Сергей Игоревич: промежуточные/ изменялась менее 30 мин. назад.
